[windows 98 classic\buttons.tga]
ReimportWhenNeeded=1
SourceFile=C:\Users\Public\Documents\Stardock\WindowBlinds\Windows 98 Classic\TempPngs\buttons.tga.PNG
ext=PNG
Name=buttons
LastEdit1=30811088
LastEdit2=2070275710
[windows 98 classic\sp_top.tga]
ReimportWhenNeeded=1
SourceFile=C:\Users\Public\Documents\Stardock\WindowBlinds\Windows 98 Classic\TempPngs\sp_top.tga.PNG
ext=PNG
Name=sp_top
LastEdit1=30811046
LastEdit2=265322810
[windows 98 classic\sp_search_mode_top.tga]
ReimportWhenNeeded=1
SourceFile=C:\Users\Public\Documents\Stardock\WindowBlinds\Windows 98 Classic\TempPngs\sp_search_mode_top.tga.PNG
ext=PNG
Name=sp_search_mode_top
LastEdit1=30811048
LastEdit2=903742335
[windows 98 classic\sp_left.tga]
ReimportWhenNeeded=1
SourceFile=C:\Users\Public\Documents\Stardock\WindowBlinds\Windows 98 Classic\TempPngs\sp_left.tga.PNG
ext=PNG
Name=sp_left
LastEdit1=30811048
LastEdit2=2573972993
[windows 98 classic\sp_bottom_right.tga]
ReimportWhenNeeded=1
SourceFile=C:\Users\Public\Documents\Stardock\WindowBlinds\Windows 98 Classic\TempPngs\sp_bottom_right.tga.PNG
ext=PNG
Name=sp_bottom_right
LastEdit1=30811048
LastEdit2=2870529759
[windows 98 classic\sp_separator_left.tga]
ReimportWhenNeeded=1
SourceFile=C:\Users\Public\Documents\Stardock\WindowBlinds\Windows 98 Classic\TempPngs\sp_separator_left.tga.PNG
ext=PNG
Name=sp_separator_left
LastEdit1=30811048
LastEdit2=3010819225
[windows 98 classic\command_bar_buttons_win7.tga]
ReimportWhenNeeded=1
SourceFile=C:\Users\Public\Documents\Stardock\WindowBlinds\Windows 98 Classic\TempPngs\command_bar_buttons_win7.tga.PNG
ext=PNG
Name=command_bar_buttons_win7
LastEdit1=30811463
LastEdit2=2602157484
[windows 98 classic\taskbar_win7.tga]
ReimportWhenNeeded=1
SourceFile=C:\Users\Public\Documents\Stardock\WindowBlinds\Windows 98 Classic\TempPngs\taskbar_win7.tga.PNG
ext=PNG
Name=taskbar_win7
LastEdit1=30811664
LastEdit2=223114757
[windows 98 classic\taskbar_gripper_h.tga]
ReimportWhenNeeded=1
SourceFile=C:\Users\Public\Documents\Stardock\WindowBlinds\Windows 98 Classic\TempPngs\taskbar_gripper_h.tga.PNG
ext=PNG
Name=taskbar_gripper_h
LastEdit1=30811654
LastEdit2=3009754063
[windows 98 classic\taskbar_but_win7.tga]
ReimportWhenNeeded=1
SourceFile=C:\Users\Public\Documents\Stardock\WindowBlinds\Windows 98 Classic\TempPngs\taskbar_but_win7.tga.PNG
ext=PNG
Name=taskbar_but_win7
LastEdit1=30811659
LastEdit2=586837492
[windows 98 classic\radiobox.tga]
ReimportWhenNeeded=1
SourceFile=C:\Users\Public\Documents\Stardock\WindowBlinds\Windows 98 Classic\TempPngs\radiobox.tga.PNG
ext=PNG
Name=radiobox
LastEdit1=30811074
LastEdit2=362203193
[windows 98 classic\checkbox.tga]
ReimportWhenNeeded=1
SourceFile=C:\Users\Public\Documents\Stardock\WindowBlinds\Windows 98 Classic\TempPngs\checkbox.tga.PNG
ext=PNG
Name=checkbox
LastEdit1=30811076
LastEdit2=2912194933
[windows 98 classic\combo_box_but.tga]
ReimportWhenNeeded=1
SourceFile=C:\Users\Public\Documents\Stardock\WindowBlinds\Windows 98 Classic\TempPngs\combo_box_but.tga.PNG
ext=PNG
Name=combo_box_but
LastEdit1=30811089
LastEdit2=185474573
[windows 98 classic\combo_box_but_glyph.tga]
ReimportWhenNeeded=1
SourceFile=C:\Users\Public\Documents\Stardock\WindowBlinds\Windows 98 Classic\TempPngs\combo_box_but_glyph.tga.PNG
ext=PNG
Name=combo_box_but_glyph
LastEdit1=30811089
LastEdit2=2646459020
[windows 98 classic\menu_item.tga]
ReimportWhenNeeded=1
SourceFile=C:\Users\Public\Documents\Stardock\WindowBlinds\Windows 98 Classic\TempPngs\menu_item.tga.PNG
ext=PNG
Name=menu_item
LastEdit1=30811098
LastEdit2=3207485768
[windows 98 classic\menu_item_2.tga]
ReimportWhenNeeded=1
SourceFile=C:\Users\Public\Documents\Stardock\WindowBlinds\Windows 98 Classic\TempPngs\menu_item_2.tga.PNG
ext=PNG
Name=menu_item_2
LastEdit1=30811119
LastEdit2=2865405841
[windows 98 classic\menu_bar_button.tga]
ReimportWhenNeeded=1
SourceFile=C:\Users\Public\Documents\Stardock\WindowBlinds\Windows 98 Classic\TempPngs\menu_bar_button.tga.PNG
ext=PNG
Name=menu_bar_button
LastEdit1=30811122
LastEdit2=2711949617
[windows 98 classic\but_close.tga]
ReimportWhenNeeded=1
SourceFile=C:\Users\Public\Documents\Stardock\WindowBlinds\Windows 98 Classic\TempPngs\but_close.tga.PNG
ext=PNG
Name=but_close
LastEdit1=30811130
LastEdit2=982085608
[Windows 98 Classic\Win98Max.bmp]
ReimportWhenNeeded=1
SourceFile=C:\Users\Isam\Desktop\New folder\Win98Max.bmp
Name=Win98Max
ext=BMP
LastEdit1=30811970
LastEdit2=2848596401
[Windows 98 Classic\Win98Min.bmp]
ReimportWhenNeeded=1
SourceFile=C:\Users\Isam\Desktop\New folder\Win98Min.bmp
Name=Win98Min
ext=BMP
LastEdit1=30811970
LastEdit2=3179235900
[windows 98 classic\but_close_pp.tga]
ReimportWhenNeeded=1
SourceFile=C:\Users\Public\Documents\Stardock\WindowBlinds\Windows 98 Classic\TempPngs\but_close_pp.tga.PNG
ext=PNG
Name=but_close_pp
LastEdit1=30811135
LastEdit2=1143127187
[windows 98 classic\frame_top.tga]
ReimportWhenNeeded=1
SourceFile=C:\Users\Public\Documents\Stardock\WindowBlinds\Windows 98 Classic\TempPngs\frame_top.tga.PNG
ext=PNG
Name=frame_top
LastEdit1=30811355
LastEdit2=554095601
[windows 98 classic\frame_left.tga]
ReimportWhenNeeded=1
SourceFile=C:\Users\Public\Documents\Stardock\WindowBlinds\Windows 98 Classic\TempPngs\frame_left.tga.PNG
ext=PNG
Name=frame_left
LastEdit1=30811142
LastEdit2=2344033018
[windows 98 classic\frame_right.tga]
ReimportWhenNeeded=1
SourceFile=C:\Users\Public\Documents\Stardock\WindowBlinds\Windows 98 Classic\TempPngs\frame_right.tga.PNG
ext=PNG
Name=frame_right
LastEdit1=30811142
LastEdit2=2921530744
[windows 98 classic\frame_bottom.tga]
ReimportWhenNeeded=1
SourceFile=C:\Users\Public\Documents\Stardock\WindowBlinds\Windows 98 Classic\TempPngs\frame_bottom.tga.PNG
ext=PNG
Name=frame_bottom
LastEdit1=30811143
LastEdit2=4026858853
[windows 98 classic\menu_item.tga.tga]
ReimportWhenNeeded=1
SourceFile=C:\Users\Public\Documents\Stardock\WindowBlinds\Windows 98 Classic\TempPngs\menu_item.tga.tga.PNG
ext=PNG
Name=menu_item.tga
LastEdit1=30811144
LastEdit2=4283191876
[windows 98 classic\menu_item.tga.tga.tga]
ReimportWhenNeeded=1
SourceFile=C:\Users\Public\Documents\Stardock\WindowBlinds\Windows 98 Classic\TempPngs\menu_item.tga.tga.tga.PNG
ext=PNG
Name=menu_item.tga.tga
LastEdit1=30811145
LastEdit2=972859628
[windows 98 classic\frame_top_max.tga]
ReimportWhenNeeded=1
SourceFile=C:\Users\Public\Documents\Stardock\WindowBlinds\Windows 98 Classic\TempPngs\frame_top_max.tga.PNG
ext=PNG
Name=frame_top_max
LastEdit1=30811146
LastEdit2=3438064295
[windows 98 classic\explorerglassbackground.tga]
ReimportWhenNeeded=1
SourceFile=C:\Users\Public\Documents\Stardock\WindowBlinds\Windows 98 Classic\TempPngs\explorerglassbackground.tga.PNG
ext=PNG
Name=explorerglassbackground
LastEdit1=30811148
LastEdit2=663666727
[windows 98 classic\but_close_pp.tga.tga]
ReimportWhenNeeded=1
SourceFile=C:\Users\Public\Documents\Stardock\WindowBlinds\Windows 98 Classic\TempPngs\but_close_pp.tga.tga.PNG
ext=PNG
Name=but_close_pp.tga
LastEdit1=30811149
LastEdit2=1339280403
[windows 98 classic\but_close_single_pp.tga]
ReimportWhenNeeded=1
SourceFile=C:\Users\Public\Documents\Stardock\WindowBlinds\Windows 98 Classic\TempPngs\but_close_single_pp.tga.PNG
ext=PNG
Name=but_close_single_pp
LastEdit1=30811149
LastEdit2=1502834644
[windows 98 classic\but_max_pp.tga]
ReimportWhenNeeded=1
SourceFile=C:\Users\Public\Documents\Stardock\WindowBlinds\Windows 98 Classic\TempPngs\but_max_pp.tga.PNG
ext=PNG
Name=but_max_pp
LastEdit1=30811150
LastEdit2=817863644
[windows 98 classic\but_max_pp.tga.tga]
ReimportWhenNeeded=1
SourceFile=C:\Users\Public\Documents\Stardock\WindowBlinds\Windows 98 Classic\TempPngs\but_max_pp.tga.tga.PNG
ext=PNG
Name=but_max_pp.tga
LastEdit1=30811150
LastEdit2=625940820
[windows 98 classic\but_max_pp.tga.tga.tga]
ReimportWhenNeeded=1
SourceFile=C:\Users\Public\Documents\Stardock\WindowBlinds\Windows 98 Classic\TempPngs\but_max_pp.tga.tga.tga.PNG
ext=PNG
Name=but_max_pp.tga.tga
LastEdit1=30811150
LastEdit2=1163566311
[windows 98 classic\but_min_pp.tga]
ReimportWhenNeeded=1
SourceFile=C:\Users\Public\Documents\Stardock\WindowBlinds\Windows 98 Classic\TempPngs\but_min_pp.tga.PNG
ext=PNG
Name=but_min_pp
LastEdit1=30811150
LastEdit2=3182068344
[windows 98 classic\but_rest_pp.tga]
ReimportWhenNeeded=1
SourceFile=C:\Users\Public\Documents\Stardock\WindowBlinds\Windows 98 Classic\TempPngs\but_rest_pp.tga.PNG
ext=PNG
Name=but_rest_pp
LastEdit1=30811151
LastEdit2=2519727825
[windows 98 classic\tool_button.tga]
ReimportWhenNeeded=1
SourceFile=C:\Users\Public\Documents\Stardock\WindowBlinds\Windows 98 Classic\TempPngs\tool_button.tga.PNG
ext=PNG
Name=tool_button
LastEdit1=30811153
LastEdit2=288912148
[windows 98 classic\menu_item.tga.tga.tga.tga]
ReimportWhenNeeded=1
SourceFile=C:\Users\Public\Documents\Stardock\WindowBlinds\Windows 98 Classic\TempPngs\menu_item.tga.tga.tga.tga.PNG
ext=PNG
Name=menu_item.tga.tga.tga
LastEdit1=30811232
LastEdit2=1745693322
[windows 98 classic\menu_item_2.tga.tga]
ReimportWhenNeeded=1
SourceFile=C:\Users\Public\Documents\Stardock\WindowBlinds\Windows 98 Classic\TempPngs\menu_item_2.tga.tga.PNG
ext=PNG
Name=menu_item_2.tga
LastEdit1=30811232
LastEdit2=3817821447
[windows 98 classic\progress_glow_h.tga]
ReimportWhenNeeded=1
SourceFile=C:\Users\Public\Documents\Stardock\WindowBlinds\Windows 98 Classic\TempPngs\progress_glow_h.tga.PNG
ext=PNG
Name=progress_glow_h
LastEdit1=30811252
LastEdit2=3667681341
[windows 98 classic\arrows_glyph.tga]
ReimportWhenNeeded=1
SourceFile=C:\Users\Public\Documents\Stardock\WindowBlinds\Windows 98 Classic\TempPngs\arrows_glyph.tga.PNG
ext=PNG
Name=arrows_glyph
LastEdit1=30811279
LastEdit2=2668739404
[windows 98 classic\spin_button_v_glyph.tga]
ReimportWhenNeeded=1
SourceFile=C:\Users\Public\Documents\Stardock\WindowBlinds\Windows 98 Classic\TempPngs\spin_button_v_glyph.tga.PNG
ext=PNG
Name=spin_button_v_glyph
LastEdit1=30811274
LastEdit2=1931506287
[windows 98 classic\spin_button_h_glyph.tga]
ReimportWhenNeeded=1
SourceFile=C:\Users\Public\Documents\Stardock\WindowBlinds\Windows 98 Classic\TempPngs\spin_button_h_glyph.tga.PNG
ext=PNG
Name=spin_button_h_glyph
LastEdit1=30811277
LastEdit2=1891293869
[windows 98 classic\spin_button_h_glyph.tga.tga]
ReimportWhenNeeded=1
SourceFile=C:\Users\Public\Documents\Stardock\WindowBlinds\Windows 98 Classic\TempPngs\spin_button_h_glyph.tga.tga.PNG
ext=PNG
Name=spin_button_h_glyph.tga
LastEdit1=30811277
LastEdit2=3302400948
[windows 98 classic\arrows_glyph.tga.tga]
ReimportWhenNeeded=1
SourceFile=C:\Users\Public\Documents\Stardock\WindowBlinds\Windows 98 Classic\TempPngs\arrows_glyph.tga.tga.PNG
ext=PNG
Name=arrows_glyph.tga
LastEdit1=30811279
LastEdit2=3016973104
[windows 98 classic\tabs.tga]
ReimportWhenNeeded=1
SourceFile=C:\Users\Public\Documents\Stardock\WindowBlinds\Windows 98 Classic\TempPngs\tabs.tga.PNG
ext=PNG
Name=tabs
LastEdit1=30811281
LastEdit2=2654811440
[windows 98 classic\tabs_left.tga]
ReimportWhenNeeded=1
SourceFile=C:\Users\Public\Documents\Stardock\WindowBlinds\Windows 98 Classic\TempPngs\tabs_left.tga.PNG
ext=PNG
Name=tabs_left
LastEdit1=30811281
LastEdit2=4276775452
[windows 98 classic\tabs_right.tga]
ReimportWhenNeeded=1
SourceFile=C:\Users\Public\Documents\Stardock\WindowBlinds\Windows 98 Classic\TempPngs\tabs_right.tga.PNG
ext=PNG
Name=tabs_right
LastEdit1=30811282
LastEdit2=674071556
[windows 98 classic\tabs.tga.tga]
ReimportWhenNeeded=1
SourceFile=C:\Users\Public\Documents\Stardock\WindowBlinds\Windows 98 Classic\TempPngs\tabs.tga.tga.PNG
ext=PNG
Name=tabs.tga
LastEdit1=30811283
LastEdit2=2054058570
[windows 98 classic\tabs.tga.tga.tga]
ReimportWhenNeeded=1
SourceFile=C:\Users\Public\Documents\Stardock\WindowBlinds\Windows 98 Classic\TempPngs\tabs.tga.tga.tga.PNG
ext=PNG
Name=tabs.tga.tga
LastEdit1=30811283
LastEdit2=2579676169
[windows 98 classic\tabs.tga.tga.tga.tga]
ReimportWhenNeeded=1
SourceFile=C:\Users\Public\Documents\Stardock\WindowBlinds\Windows 98 Classic\TempPngs\tabs.tga.tga.tga.tga.PNG
ext=PNG
Name=tabs.tga.tga.tga
LastEdit1=30811283
LastEdit2=3407600378
[windows 98 classic\tabs.tga.tga.tga.tga.tga]
ReimportWhenNeeded=1
SourceFile=C:\Users\Public\Documents\Stardock\WindowBlinds\Windows 98 Classic\TempPngs\tabs.tga.tga.tga.tga.tga.PNG
ext=PNG
Name=tabs.tga.tga.tga.tga
LastEdit1=30811284
LastEdit2=449087940
[windows 98 classic\tabs_left.tga.tga]
ReimportWhenNeeded=1
SourceFile=C:\Users\Public\Documents\Stardock\WindowBlinds\Windows 98 Classic\TempPngs\tabs_left.tga.tga.PNG
ext=PNG
Name=tabs_left.tga
LastEdit1=30811284
LastEdit2=561493890
[windows 98 classic\tabs_right.tga.tga]
ReimportWhenNeeded=1
SourceFile=C:\Users\Public\Documents\Stardock\WindowBlinds\Windows 98 Classic\TempPngs\tabs_right.tga.tga.PNG
ext=PNG
Name=tabs_right.tga
LastEdit1=30811284
LastEdit2=645932041
[windows 98 classic\tabs_right.tga.tga.tga]
ReimportWhenNeeded=1
SourceFile=C:\Users\Public\Documents\Stardock\WindowBlinds\Windows 98 Classic\TempPngs\tabs_right.tga.tga.tga.PNG
ext=PNG
Name=tabs_right.tga.tga
LastEdit1=30811285
LastEdit2=976898059
[windows 98 classic\toolbar_but.tga]
ReimportWhenNeeded=1
SourceFile=C:\Users\Public\Documents\Stardock\WindowBlinds\Windows 98 Classic\TempPngs\toolbar_but.tga.PNG
ext=PNG
Name=toolbar_but
LastEdit1=30811289
LastEdit2=583974670
[windows 98 classic\toolbar_but.tga.tga]
ReimportWhenNeeded=1
SourceFile=C:\Users\Public\Documents\Stardock\WindowBlinds\Windows 98 Classic\TempPngs\toolbar_but.tga.tga.PNG
ext=PNG
Name=toolbar_but.tga
LastEdit1=30811290
LastEdit2=884919411
[windows 98 classic\toolbar_but_2.tga]
ReimportWhenNeeded=1
SourceFile=C:\Users\Public\Documents\Stardock\WindowBlinds\Windows 98 Classic\TempPngs\toolbar_but_2.tga.PNG
ext=PNG
Name=toolbar_but_2
LastEdit1=30811290
LastEdit2=4137849018
[windows 98 classic\toolbar_but.tga.tga.tga]
ReimportWhenNeeded=1
SourceFile=C:\Users\Public\Documents\Stardock\WindowBlinds\Windows 98 Classic\TempPngs\toolbar_but.tga.tga.tga.PNG
ext=PNG
Name=toolbar_but.tga.tga
LastEdit1=30811292
LastEdit2=2130580309
[windows 98 classic\toolbar_but_2.tga.tga]
ReimportWhenNeeded=1
SourceFile=C:\Users\Public\Documents\Stardock\WindowBlinds\Windows 98 Classic\TempPngs\toolbar_but_2.tga.tga.PNG
ext=PNG
Name=toolbar_but_2.tga
LastEdit1=30811292
LastEdit2=4180476589
[windows 98 classic\toolbar_but_2.tga.tga.tga]
ReimportWhenNeeded=1
SourceFile=C:\Users\Public\Documents\Stardock\WindowBlinds\Windows 98 Classic\TempPngs\toolbar_but_2.tga.tga.tga.PNG
ext=PNG
Name=toolbar_but_2.tga.tga
LastEdit1=30811294
LastEdit2=1492867563
[windows 98 classic\file_dialog_buttons.tga]
ReimportWhenNeeded=1
SourceFile=C:\Users\Public\Documents\Stardock\WindowBlinds\Windows 98 Classic\TempPngs\file_dialog_buttons.tga.PNG
ext=PNG
Name=file_dialog_buttons
LastEdit1=30811297
LastEdit2=2658762692
[windows 98 classic\rebar_grip.tga]
ReimportWhenNeeded=1
SourceFile=C:\Users\Public\Documents\Stardock\WindowBlinds\Windows 98 Classic\TempPngs\rebar_grip.tga.PNG
ext=PNG
Name=rebar_grip
LastEdit1=30811298
LastEdit2=2792193062
[windows 98 classic\track_button_left.tga]
ReimportWhenNeeded=1
SourceFile=C:\Users\Public\Documents\Stardock\WindowBlinds\Windows 98 Classic\TempPngs\track_button_left.tga.PNG
ext=PNG
Name=track_button_left
LastEdit1=30811305
LastEdit2=888103587
[windows 98 classic\track_button_right.tga]
ReimportWhenNeeded=1
SourceFile=C:\Users\Public\Documents\Stardock\WindowBlinds\Windows 98 Classic\TempPngs\track_button_right.tga.PNG
ext=PNG
Name=track_button_right
LastEdit1=30811305
LastEdit2=1840085870
[windows 98 classic\track_button_up.tga]
ReimportWhenNeeded=1
SourceFile=C:\Users\Public\Documents\Stardock\WindowBlinds\Windows 98 Classic\TempPngs\track_button_up.tga.PNG
ext=PNG
Name=track_button_up
LastEdit1=30811305
LastEdit2=2620124679
[windows 98 classic\track_button_down.tga]
ReimportWhenNeeded=1
SourceFile=C:\Users\Public\Documents\Stardock\WindowBlinds\Windows 98 Classic\TempPngs\track_button_down.tga.PNG
ext=PNG
Name=track_button_down
LastEdit1=30811305
LastEdit2=3261992959
[windows 98 classic\track_button_middle.tga]
ReimportWhenNeeded=1
SourceFile=C:\Users\Public\Documents\Stardock\WindowBlinds\Windows 98 Classic\TempPngs\track_button_middle.tga.PNG
ext=PNG
Name=track_button_middle
LastEdit1=30811306
LastEdit2=339713248
[windows 98 classic\track_button_center.tga]
ReimportWhenNeeded=1
SourceFile=C:\Users\Public\Documents\Stardock\WindowBlinds\Windows 98 Classic\TempPngs\track_button_center.tga.PNG
ext=PNG
Name=track_button_center
LastEdit1=30811305
LastEdit2=4029530997
[windows 98 classic\tree_view.tga]
ReimportWhenNeeded=1
SourceFile=C:\Users\Public\Documents\Stardock\WindowBlinds\Windows 98 Classic\TempPngs\tree_view.tga.PNG
ext=PNG
Name=tree_view
LastEdit1=30811306
LastEdit2=1063903346
[windows 98 classic\tree_view_glyph.tga]
ReimportWhenNeeded=1
SourceFile=C:\Users\Public\Documents\Stardock\WindowBlinds\Windows 98 Classic\TempPngs\tree_view_glyph.tga.PNG
ext=PNG
Name=tree_view_glyph
LastEdit1=30811306
LastEdit2=1707788474
[windows 98 classic\tooltip_but_settings.tga]
ReimportWhenNeeded=1
SourceFile=C:\Users\Public\Documents\Stardock\WindowBlinds\Windows 98 Classic\TempPngs\tooltip_but_settings.tga.PNG
ext=PNG
Name=tooltip_but_settings
LastEdit1=30811308
LastEdit2=3732589137
[windows 98 classic\tooltip_but_close.tga]
ReimportWhenNeeded=1
SourceFile=C:\Users\Public\Documents\Stardock\WindowBlinds\Windows 98 Classic\TempPngs\tooltip_but_close.tga.PNG
ext=PNG
Name=tooltip_but_close
LastEdit1=30811308
LastEdit2=3894245770
[windows 98 classic\ie tab close.tga]
ReimportWhenNeeded=1
SourceFile=C:\Users\Public\Documents\Stardock\WindowBlinds\Windows 98 Classic\TempPngs\ie tab close.tga.PNG
ext=PNG
Name=ie tab close
LastEdit1=30811309
LastEdit2=1197253126
[windows 98 classic\frame_bottom.tga.tga]
ReimportWhenNeeded=1
SourceFile=C:\Users\Public\Documents\Stardock\WindowBlinds\Windows 98 Classic\TempPngs\frame_bottom.tga.tga.PNG
ext=PNG
Name=frame_bottom.tga
LastEdit1=30811312
LastEdit2=4183870237
[windows 98 classic\frame_left.tga.tga]
ReimportWhenNeeded=1
SourceFile=C:\Users\Public\Documents\Stardock\WindowBlinds\WINDOWS 98 CLASSIC\TempPngs\frame_left.tga.tga.PNG
ext=PNG
Name=frame_left.tga
LastEdit1=30811355
LastEdit2=2512840430
[windows 98 classic\frame_right.tga.tga]
ReimportWhenNeeded=1
SourceFile=C:\Users\Public\Documents\Stardock\WindowBlinds\WINDOWS 98 CLASSIC\TempPngs\frame_right.tga.tga.PNG
ext=PNG
Name=frame_right.tga
LastEdit1=30811355
LastEdit2=3743088422
[windows 98 classic\frame_left.tga.tga.tga]
ReimportWhenNeeded=1
SourceFile=C:\Users\Public\Documents\Stardock\WindowBlinds\WINDOWS 98 CLASSIC\TempPngs\frame_left.tga.tga.tga.PNG
ext=PNG
Name=frame_left.tga.tga
LastEdit1=30811355
LastEdit2=4114211495
[windows 98 classic\frame_top_max.tga.tga]
ReimportWhenNeeded=1
SourceFile=C:\Users\Public\Documents\Stardock\WindowBlinds\WINDOWS 98 CLASSIC\TempPngs\frame_top_max.tga.tga.PNG
ext=PNG
Name=frame_top_max.tga
LastEdit1=30811358
LastEdit2=48798874
[windows 98 classic\menu_bar_button.tga.tga]
ReimportWhenNeeded=1
SourceFile=C:\Users\Public\Documents\Stardock\WindowBlinds\WINDOWS 98 CLASSIC\TempPngs\menu_bar_button.tga.tga.PNG
ext=PNG
Name=menu_bar_button.tga
LastEdit1=30811359
LastEdit2=2297261345
[windows 98 classic\toolbar_but.tga.tga.tga.tga]
ReimportWhenNeeded=1
SourceFile=C:\Users\Public\Documents\Stardock\WindowBlinds\WINDOWS 98 CLASSIC\TempPngs\toolbar_but.tga.tga.tga.tga.PNG
ext=PNG
Name=toolbar_but.tga.tga.tga
LastEdit1=30811360
LastEdit2=3853021529
[windows 98 classic\toolbar_6buttons.tga]
ReimportWhenNeeded=1
SourceFile=C:\Users\Public\Documents\Stardock\WindowBlinds\WINDOWS 98 CLASSIC\TempPngs\toolbar_6buttons.tga.PNG
ext=PNG
Name=toolbar_6buttons
LastEdit1=30811361
LastEdit2=2786505213
[windows 98 classic\frame_top.tga.tga]
ReimportWhenNeeded=1
SourceFile=C:\Users\Public\Documents\Stardock\WindowBlinds\WINDOWS 98 CLASSIC\TempPngs\frame_top.tga.tga.PNG
ext=PNG
Name=frame_top.tga
LastEdit1=30811457
LastEdit2=1875520021
[windows 98 classic\w_caption_but_close.tga]
ReimportWhenNeeded=1
SourceFile=C:\Users\Public\Documents\Stardock\WindowBlinds\WINDOWS 98 CLASSIC\TempPngs\w_caption_but_close.tga.PNG
ext=PNG
Name=w_caption_but_close
LastEdit1=30811459
LastEdit2=211018375
[windows 98 classic\tool_button.tga.tga]
ReimportWhenNeeded=1
SourceFile=C:\Users\Public\Documents\Stardock\WindowBlinds\WINDOWS 98 CLASSIC\TempPngs\tool_button.tga.tga.PNG
ext=PNG
Name=tool_button.tga
LastEdit1=30811458
LastEdit2=4060927040
[windows 98 classic\w_caption_but_glyph_close.tga]
ReimportWhenNeeded=1
SourceFile=C:\Users\Public\Documents\Stardock\WindowBlinds\WINDOWS 98 CLASSIC\TempPngs\w_caption_but_glyph_close.tga.PNG
ext=PNG
Name=w_caption_but_glyph_close
LastEdit1=30811459
LastEdit2=1295569695
[windows 98 classic\w_caption_but_glyph_close.tga.tga]
ReimportWhenNeeded=1
SourceFile=C:\Users\Public\Documents\Stardock\WindowBlinds\WINDOWS 98 CLASSIC\TempPngs\w_caption_but_glyph_close.tga.tga.PNG
ext=PNG
Name=w_caption_but_glyph_close.tga
LastEdit1=30811459
LastEdit2=1728775330
[windows 98 classic\w_caption_but_close.tga.tga]
ReimportWhenNeeded=1
SourceFile=C:\Users\Public\Documents\Stardock\WindowBlinds\WINDOWS 98 CLASSIC\TempPngs\w_caption_but_close.tga.tga.PNG
ext=PNG
Name=w_caption_but_close.tga
LastEdit1=30811459
LastEdit2=2342374909
[windows 98 classic\menu_bar_button.tga.tga.tga]
ReimportWhenNeeded=1
SourceFile=C:\Users\Public\Documents\Stardock\WindowBlinds\WINDOWS 98 CLASSIC\TempPngs\menu_bar_button.tga.tga.tga.PNG
ext=PNG
Name=menu_bar_button.tga.tga
LastEdit1=30811461
LastEdit2=306135018
[windows 98 classic\search_address_box.tga]
ReimportWhenNeeded=1
SourceFile=C:\Users\Public\Documents\Stardock\WindowBlinds\WINDOWS 98 CLASSIC\TempPngs\search_address_box.tga.PNG
ext=PNG
Name=search_address_box
LastEdit1=30811464
LastEdit2=2788799443
[windows 98 classic\search_address_box.tga.tga]
ReimportWhenNeeded=1
SourceFile=C:\Users\Public\Documents\Stardock\WindowBlinds\WINDOWS 98 CLASSIC\TempPngs\search_address_box.tga.tga.PNG
ext=PNG
Name=search_address_box.tga
LastEdit1=30811489
LastEdit2=2824993385
[windows 98 classic\search_address_box.tga.tga.tga]
ReimportWhenNeeded=1
SourceFile=C:\Users\Public\Documents\Stardock\WindowBlinds\WINDOWS 98 CLASSIC\TempPngs\search_address_box.tga.tga.tga.PNG
ext=PNG
Name=search_address_box.tga.tga
LastEdit1=30811490
LastEdit2=1641643589
[windows 98 classic\explorerlist.tga]
ReimportWhenNeeded=1
SourceFile=C:\Users\Public\Documents\Stardock\WindowBlinds\WINDOWS 98 CLASSIC\TempPngs\explorerlist.tga.PNG
ext=PNG
Name=explorerlist
LastEdit1=30811493
LastEdit2=396596530
[windows 98 classic\explorerlist.tga.tga]
ReimportWhenNeeded=1
SourceFile=C:\Users\Public\Documents\Stardock\WindowBlinds\WINDOWS 98 CLASSIC\TempPngs\explorerlist.tga.tga.PNG
ext=PNG
Name=explorerlist.tga
LastEdit1=30811493
LastEdit2=1557157448
[windows 98 classic\please_wait_panel_win7.tga]
ReimportWhenNeeded=1
SourceFile=C:\Users\Public\Documents\Stardock\WindowBlinds\WINDOWS 98 CLASSIC\TempPngs\please_wait_panel_win7.tga.PNG
ext=PNG
Name=please_wait_panel_win7
LastEdit1=30811493
LastEdit2=3563691509
[windows 98 classic\please_wait_panel_win7.tga.tga]
ReimportWhenNeeded=1
SourceFile=C:\Users\Public\Documents\Stardock\WindowBlinds\WINDOWS 98 CLASSIC\TempPngs\please_wait_panel_win7.tga.tga.PNG
ext=PNG
Name=please_wait_panel_win7.tga
LastEdit1=30811496
LastEdit2=2576675584
[windows 98 classic\dragrect.tga]
ReimportWhenNeeded=1
SourceFile=C:\Users\Public\Documents\Stardock\WindowBlinds\WINDOWS 98 CLASSIC\TempPngs\dragrect.tga.PNG
ext=PNG
Name=dragrect
LastEdit1=30811547
LastEdit2=4115644815
[windows 98 classic\down.tga]
ReimportWhenNeeded=1
SourceFile=C:\Users\Public\Documents\Stardock\WindowBlinds\WINDOWS 98 CLASSIC\TempPngs\down.tga.PNG
ext=PNG
Name=down
LastEdit1=30811545
LastEdit2=1337706650
[windows 98 classic\searchicons.tga]
ReimportWhenNeeded=1
SourceFile=C:\Users\Public\Documents\Stardock\WindowBlinds\WINDOWS 98 CLASSIC\TempPngs\searchicons.tga.PNG
ext=PNG
Name=searchicons
LastEdit1=30811519
LastEdit2=865783618
[windows 98 classic\searchicons.tga.tga]
ReimportWhenNeeded=1
SourceFile=C:\Users\Public\Documents\Stardock\WindowBlinds\WINDOWS 98 CLASSIC\TempPngs\searchicons.tga.tga.PNG
ext=PNG
Name=searchicons.tga
LastEdit1=30811519
LastEdit2=1857521268
[windows 98 classic\searchicons.tga.tga.tga]
ReimportWhenNeeded=1
SourceFile=C:\Users\Public\Documents\Stardock\WindowBlinds\WINDOWS 98 CLASSIC\TempPngs\searchicons.tga.tga.tga.PNG
ext=PNG
Name=searchicons.tga.tga
LastEdit1=30811520
LastEdit2=4127734790
[windows 98 classic\navigationicons.tga]
ReimportWhenNeeded=1
SourceFile=C:\Users\Public\Documents\Stardock\WindowBlinds\WINDOWS 98 CLASSIC\TempPngs\navigationicons.tga.PNG
ext=PNG
Name=navigationicons
LastEdit1=30811521
LastEdit2=2710066784
[windows 98 classic\navigationicons.tga.tga]
ReimportWhenNeeded=1
SourceFile=C:\Users\Public\Documents\Stardock\WindowBlinds\WINDOWS 98 CLASSIC\TempPngs\navigationicons.tga.tga.PNG
ext=PNG
Name=navigationicons.tga
LastEdit1=30811523
LastEdit2=4135235770
[windows 98 classic\searchicons.tga.tga.tga.tga]
ReimportWhenNeeded=1
SourceFile=C:\Users\Public\Documents\Stardock\WindowBlinds\WINDOWS 98 CLASSIC\TempPngs\searchicons.tga.tga.tga.tga.PNG
ext=PNG
Name=searchicons.tga.tga.tga
LastEdit1=30811524
LastEdit2=201192251
[windows 98 classic\searchicons.tga.tga.tga.tga.tga]
ReimportWhenNeeded=1
SourceFile=C:\Users\Public\Documents\Stardock\WindowBlinds\WINDOWS 98 CLASSIC\TempPngs\searchicons.tga.tga.tga.tga.tga.PNG
ext=PNG
Name=searchicons.tga.tga.tga.tga
LastEdit1=30811524
LastEdit2=680281374
[windows 98 classic\navigationarrowsnormal.tga]
ReimportWhenNeeded=1
SourceFile=C:\Users\Public\Documents\Stardock\WindowBlinds\WINDOWS 98 CLASSIC\TempPngs\navigationarrowsnormal.tga.PNG
ext=PNG
Name=navigationarrowsnormal
LastEdit1=30811534
LastEdit2=2020751740
[windows 98 classic\navigationarrowsbackground.tga]
ReimportWhenNeeded=1
SourceFile=C:\Users\Public\Documents\Stardock\WindowBlinds\WINDOWS 98 CLASSIC\TempPngs\navigationarrowsbackground.tga.PNG
ext=PNG
Name=navigationarrowsbackground
LastEdit1=30811534
LastEdit2=700870496
[windows 98 classic\navigationarrowsmouseover.tga]
ReimportWhenNeeded=1
SourceFile=C:\Users\Public\Documents\Stardock\WindowBlinds\WINDOWS 98 CLASSIC\TempPngs\navigationarrowsmouseover.tga.PNG
ext=PNG
Name=navigationarrowsmouseover
LastEdit1=30811534
LastEdit2=2445101563
[windows 98 classic\navigationarrowsdisabled.tga]
ReimportWhenNeeded=1
SourceFile=C:\Users\Public\Documents\Stardock\WindowBlinds\WINDOWS 98 CLASSIC\TempPngs\navigationarrowsdisabled.tga.PNG
ext=PNG
Name=navigationarrowsdisabled
LastEdit1=30811534
LastEdit2=3874083380
[windows 98 classic\navigationarrowspressed.tga]
ReimportWhenNeeded=1
SourceFile=C:\Users\Public\Documents\Stardock\WindowBlinds\WINDOWS 98 CLASSIC\TempPngs\navigationarrowspressed.tga.PNG
ext=PNG
Name=navigationarrowspressed
LastEdit1=30811535
LastEdit2=1282981592
[windows 98 classic\navigationarrowsbackground.tga.tga]
ReimportWhenNeeded=1
SourceFile=C:\Users\Public\Documents\Stardock\WindowBlinds\WINDOWS 98 CLASSIC\TempPngs\navigationarrowsbackground.tga.tga.PNG
ext=PNG
Name=navigationarrowsbackground.tga
LastEdit1=30811535
LastEdit2=2768917081
[windows 98 classic\please_wait_panel_win7.tga.tga.tga]
ReimportWhenNeeded=1
SourceFile=C:\Users\Public\Documents\Stardock\WindowBlinds\WINDOWS 98 CLASSIC\TempPngs\please_wait_panel_win7.tga.tga.tga.PNG
ext=PNG
Name=please_wait_panel_win7.tga.tga
LastEdit1=30811536
LastEdit2=86416717
[windows 98 classic\taskarrow.tga]
ReimportWhenNeeded=1
SourceFile=C:\Users\Public\Documents\Stardock\WindowBlinds\WINDOWS 98 CLASSIC\TempPngs\taskarrow.tga.PNG
ext=PNG
Name=taskarrow
LastEdit1=30811537
LastEdit2=2559982264
[windows 98 classic\taskarrow.tga.tga]
ReimportWhenNeeded=1
SourceFile=C:\Users\Public\Documents\Stardock\WindowBlinds\WINDOWS 98 CLASSIC\TempPngs\taskarrow.tga.tga.PNG
ext=PNG
Name=taskarrow.tga
LastEdit1=30811538
LastEdit2=1957326938
[windows 98 classic\taskdialogbuttons.tga]
ReimportWhenNeeded=1
SourceFile=C:\Users\Public\Documents\Stardock\WindowBlinds\WINDOWS 98 CLASSIC\TempPngs\taskdialogbuttons.tga.PNG
ext=PNG
Name=taskdialogbuttons
LastEdit1=30811539
LastEdit2=4211005098
[windows 98 classic\taskdialogbuttonarrows.tga]
ReimportWhenNeeded=1
SourceFile=C:\Users\Public\Documents\Stardock\WindowBlinds\WINDOWS 98 CLASSIC\TempPngs\taskdialogbuttonarrows.tga.PNG
ext=PNG
Name=taskdialogbuttonarrows
LastEdit1=30811543
LastEdit2=189996145
[windows 98 classic\left arrow.tga]
ReimportWhenNeeded=1
SourceFile=C:\Users\Public\Documents\Stardock\WindowBlinds\WINDOWS 98 CLASSIC\TempPngs\left arrow.tga.PNG
ext=PNG
Name=left arrow
LastEdit1=30811544
LastEdit2=424388917
[windows 98 classic\right arrow.tga]
ReimportWhenNeeded=1
SourceFile=C:\Users\Public\Documents\Stardock\WindowBlinds\WINDOWS 98 CLASSIC\TempPngs\right arrow.tga.PNG
ext=PNG
Name=right arrow
LastEdit1=30811544
LastEdit2=1670871715
[windows 98 classic\dragicon.tga]
ReimportWhenNeeded=1
SourceFile=C:\Users\Public\Documents\Stardock\WindowBlinds\WINDOWS 98 CLASSIC\TempPngs\dragicon.tga.PNG
ext=PNG
Name=dragicon
LastEdit1=30811548
LastEdit2=839198710
[windows 98 classic\dragarrows.tga]
ReimportWhenNeeded=1
SourceFile=C:\Users\Public\Documents\Stardock\WindowBlinds\WINDOWS 98 CLASSIC\TempPngs\dragarrows.tga.PNG
ext=PNG
Name=dragarrows
LastEdit1=30812117
LastEdit2=881161628
[windows 98 classic\taskbar_but_pinned_win7.tga]
ReimportWhenNeeded=1
SourceFile=C:\Users\Public\Documents\Stardock\WindowBlinds\WINDOWS 98 CLASSIC\TempPngs\taskbar_but_pinned_win7.tga.PNG
ext=PNG
Name=taskbar_but_pinned_win7
LastEdit1=30811666
LastEdit2=434831810
[windows 98 classic\taskbar_gripper_h.tga.tga]
ReimportWhenNeeded=1
SourceFile=C:\Users\Public\Documents\Stardock\WindowBlinds\WINDOWS 98 CLASSIC\TempPngs\taskbar_gripper_h.tga.tga.PNG
ext=PNG
Name=taskbar_gripper_h.tga
LastEdit1=30811654
LastEdit2=3867563392
[windows 98 classic\taskbar_gripper_h.tga.tga.tga]
ReimportWhenNeeded=1
SourceFile=C:\Users\Public\Documents\Stardock\WindowBlinds\WINDOWS 98 CLASSIC\TempPngs\taskbar_gripper_h.tga.tga.tga.PNG
ext=PNG
Name=taskbar_gripper_h.tga.tga
LastEdit1=30811655
LastEdit2=293228574
[windows 98 classic\taskbar_gripper_h.tga.tga.tga.tga]
ReimportWhenNeeded=1
SourceFile=C:\Users\Public\Documents\Stardock\WindowBlinds\WINDOWS 98 CLASSIC\TempPngs\taskbar_gripper_h.tga.tga.tga.tga.PNG
ext=PNG
Name=taskbar_gripper_h.tga.tga.tga
LastEdit1=30811655
LastEdit2=1450963899
[windows 98 classic\taskbar_but_win7.tga.tga]
ReimportWhenNeeded=1
SourceFile=C:\Users\Public\Documents\Stardock\WindowBlinds\WINDOWS 98 CLASSIC\TempPngs\taskbar_but_win7.tga.tga.PNG
ext=PNG
Name=taskbar_but_win7.tga
LastEdit1=30811659
LastEdit2=1087421973
[windows 98 classic\taskbar_but_win7.tga.tga.tga]
ReimportWhenNeeded=1
SourceFile=C:\Users\Public\Documents\Stardock\WindowBlinds\WINDOWS 98 CLASSIC\TempPngs\taskbar_but_win7.tga.tga.tga.PNG
ext=PNG
Name=taskbar_but_win7.tga.tga
LastEdit1=30811659
LastEdit2=2660544170
[windows 98 classic\quick_launch_button.tga]
ReimportWhenNeeded=1
SourceFile=C:\Users\Public\Documents\Stardock\WindowBlinds\WINDOWS 98 CLASSIC\TempPngs\quick_launch_button.tga.PNG
ext=PNG
Name=quick_launch_button
LastEdit1=30811665
LastEdit2=2874867073
[windows 98 classic\taskbar_but_flashing_win7.tga]
ReimportWhenNeeded=1
SourceFile=C:\Users\Public\Documents\Stardock\WindowBlinds\WINDOWS 98 CLASSIC\TempPngs\taskbar_but_flashing_win7.tga.PNG
ext=PNG
Name=taskbar_but_flashing_win7
LastEdit1=30811665
LastEdit2=497289655
[windows 98 classic\taskbar_but_pinned_win7.tga.tga]
ReimportWhenNeeded=1
SourceFile=C:\Users\Public\Documents\Stardock\WindowBlinds\WINDOWS 98 CLASSIC\TempPngs\taskbar_but_pinned_win7.tga.tga.PNG
ext=PNG
Name=taskbar_but_pinned_win7.tga
LastEdit1=30811738
LastEdit2=1704362223
[windows 98 classic\taskbar_but_progress_win7.tga]
ReimportWhenNeeded=1
SourceFile=C:\Users\Public\Documents\Stardock\WindowBlinds\WINDOWS 98 CLASSIC\TempPngs\taskbar_but_progress_win7.tga.PNG
ext=PNG
Name=taskbar_but_progress_win7
LastEdit1=30811940
LastEdit2=3445347350
[windows 98 classic\taskbar_but_win7.tga.tga.tga.tga]
ReimportWhenNeeded=1
SourceFile=C:\Users\Public\Documents\Stardock\WindowBlinds\WINDOWS 98 CLASSIC\TempPngs\taskbar_but_win7.tga.tga.tga.tga.PNG
ext=PNG
Name=taskbar_but_win7.tga.tga.tga
LastEdit1=30811737
LastEdit2=2095332900
[windows 98 classic\taskbar_but_desktop.tga]
ReimportWhenNeeded=1
SourceFile=C:\Users\Public\Documents\Stardock\WindowBlinds\WINDOWS 98 CLASSIC\TempPngs\taskbar_but_desktop.tga.PNG
ext=PNG
Name=taskbar_but_desktop
LastEdit1=30811684
LastEdit2=1735542126
[windows 98 classic\taskbar_but_desktop.tga.tga]
ReimportWhenNeeded=1
SourceFile=C:\Users\Public\Documents\Stardock\WindowBlinds\WINDOWS 98 CLASSIC\TempPngs\taskbar_but_desktop.tga.tga.PNG
ext=PNG
Name=taskbar_but_desktop.tga
LastEdit1=30811685
LastEdit2=305476876
[windows 98 classic\taskbar_but_desktop.tga.tga.tga]
ReimportWhenNeeded=1
SourceFile=C:\Users\Public\Documents\Stardock\WindowBlinds\WINDOWS 98 CLASSIC\TempPngs\taskbar_but_desktop.tga.tga.tga.PNG
ext=PNG
Name=taskbar_but_desktop.tga.tga
LastEdit1=30811686
LastEdit2=938708569
[windows 98 classic\taskbar_but_desktop.tga.tga.tga.tga]
ReimportWhenNeeded=1
SourceFile=C:\Users\Public\Documents\Stardock\WindowBlinds\WINDOWS 98 CLASSIC\TempPngs\taskbar_but_desktop.tga.tga.tga.tga.PNG
ext=PNG
Name=taskbar_but_desktop.tga.tga.tga
LastEdit1=30811686
LastEdit2=1431069799
[windows 98 classic\tray_h.tga]
ReimportWhenNeeded=1
SourceFile=C:\Users\Public\Documents\Stardock\WindowBlinds\WINDOWS 98 CLASSIC\TempPngs\tray_h.tga.PNG
ext=PNG
Name=tray_h
LastEdit1=30811688
LastEdit2=3325144061
[windows 98 classic\explorerlist.tga.tga.tga]
ReimportWhenNeeded=1
SourceFile=C:\Users\Public\Documents\Stardock\WindowBlinds\WINDOWS 98 CLASSIC\TempPngs\explorerlist.tga.tga.tga.PNG
ext=PNG
Name=explorerlist.tga.tga
LastEdit1=30811696
LastEdit2=2018062646
[windows 98 classic\explorerlist.tga.tga.tga.tga]
ReimportWhenNeeded=1
SourceFile=C:\Users\Public\Documents\Stardock\WindowBlinds\WINDOWS 98 CLASSIC\TempPngs\explorerlist.tga.tga.tga.tga.PNG
ext=PNG
Name=explorerlist.tga.tga.tga
LastEdit1=30811696
LastEdit2=3605316718
[windows 98 classic\explorerlist.tga.tga.tga.tga.tga]
ReimportWhenNeeded=1
SourceFile=C:\Users\Public\Documents\Stardock\WindowBlinds\WINDOWS 98 CLASSIC\TempPngs\explorerlist.tga.tga.tga.tga.tga.PNG
ext=PNG
Name=explorerlist.tga.tga.tga.tga
LastEdit1=30811700
LastEdit2=159423950
[windows 98 classic\tray_arrow_win7.tga]
ReimportWhenNeeded=1
SourceFile=C:\Users\Public\Documents\Stardock\WindowBlinds\WINDOWS 98 CLASSIC\TempPngs\tray_arrow_win7.tga.PNG
ext=PNG
Name=tray_arrow_win7
LastEdit1=30811702
LastEdit2=4249446111
[windows 98 classic\tray_arrow_win7.tga.tga]
ReimportWhenNeeded=1
SourceFile=C:\Users\Public\Documents\Stardock\WindowBlinds\WINDOWS 98 CLASSIC\TempPngs\tray_arrow_win7.tga.tga.PNG
ext=PNG
Name=tray_arrow_win7.tga
LastEdit1=30811704
LastEdit2=1722278990
[windows 98 classic\taskbar_but_flashing_win7.tga.tga]
ReimportWhenNeeded=1
SourceFile=C:\Users\Public\Documents\Stardock\WindowBlinds\WINDOWS 98 CLASSIC\TempPngs\taskbar_but_flashing_win7.tga.tga.PNG
ext=PNG
Name=taskbar_but_flashing_win7.tga
LastEdit1=30811721
LastEdit2=415427999
[windows 98 classic\taskbar_gripper_h.tga.tga.tga.tga.tga]
ReimportWhenNeeded=1
SourceFile=C:\Users\Public\Documents\Stardock\WindowBlinds\WINDOWS 98 CLASSIC\TempPngs\taskbar_gripper_h.tga.tga.tga.tga.tga.PNG
ext=PNG
Name=taskbar_gripper_h.tga.tga.tga.tga
LastEdit1=30811736
LastEdit2=3861004917
[windows 98 classic\taskbar_but_win7.tga.tga.tga.tga.tga]
ReimportWhenNeeded=1
SourceFile=C:\Users\Public\Documents\Stardock\WindowBlinds\WINDOWS 98 CLASSIC\TempPngs\taskbar_but_win7.tga.tga.tga.tga.tga.PNG
ext=PNG
Name=taskbar_but_win7.tga.tga.tga.tga
LastEdit1=30811737
LastEdit2=3772251175
[windows 98 classic\taskbar_but_flashing_win7.tga.tga.tga]
ReimportWhenNeeded=1
SourceFile=C:\Users\Public\Documents\Stardock\WindowBlinds\WINDOWS 98 CLASSIC\TempPngs\taskbar_but_flashing_win7.tga.tga.tga.PNG
ext=PNG
Name=taskbar_but_flashing_win7.tga.tga
LastEdit1=30811738
LastEdit2=312790797
[windows 98 classic\quick_launch_button.tga.tga]
ReimportWhenNeeded=1
SourceFile=C:\Users\Public\Documents\Stardock\WindowBlinds\WINDOWS 98 CLASSIC\TempPngs\quick_launch_button.tga.tga.PNG
ext=PNG
Name=quick_launch_button.tga
LastEdit1=30811738
LastEdit2=1257951077
[windows 98 classic\tray_h.tga.tga]
ReimportWhenNeeded=1
SourceFile=C:\Users\Public\Documents\Stardock\WindowBlinds\WINDOWS 98 CLASSIC\TempPngs\tray_h.tga.tga.PNG
ext=PNG
Name=tray_h.tga
LastEdit1=30811738
LastEdit2=3689379386
[windows 98 classic\taskbar_gripper_h.tga.tga.tga.tga.tga.tga]
ReimportWhenNeeded=1
SourceFile=C:\Users\Public\Documents\Stardock\WindowBlinds\WINDOWS 98 CLASSIC\TempPngs\taskbar_gripper_h.tga.tga.tga.tga.tga.tga.PNG
ext=PNG
Name=taskbar_gripper_h.tga.tga.tga.tga.tga
LastEdit1=30811743
LastEdit2=157579830
[windows 98 classic\taskbar_but_progress_win7.tga.tga.tga.tga.tga]
ReimportWhenNeeded=1
SourceFile=C:\Users\Public\Documents\Stardock\WindowBlinds\WINDOWS 98 CLASSIC\TempPngs\taskbar_but_progress_win7.tga.tga.tga.tga.tga.PNG
ext=PNG
Name=taskbar_but_progress_win7.tga.tga.tga.tga
LastEdit1=30811939
LastEdit2=3308590613
[windows 98 classic\taskbar_but_progress_win7.tga.tga.tga.tga.tga.tga]
ReimportWhenNeeded=1
SourceFile=C:\Users\Public\Documents\Stardock\WindowBlinds\WINDOWS 98 CLASSIC\TempPngs\taskbar_but_progress_win7.tga.tga.tga.tga.tga.tga.PNG
ext=PNG
Name=taskbar_but_progress_win7.tga.tga.tga.tga.tga
LastEdit1=30811940
LastEdit2=625953848
[windows 98 classic\taskbar_but_progress_win7.tga.tga]
ReimportWhenNeeded=1
SourceFile=C:\Users\Public\Documents\Stardock\WindowBlinds\WINDOWS 98 CLASSIC\TempPngs\taskbar_but_progress_win7.tga.tga.PNG
ext=PNG
Name=taskbar_but_progress_win7.tga
LastEdit1=30811942
LastEdit2=3414849707
[windows 98 classic\taskbar_but_progress_win7.tga.tga.tga]
ReimportWhenNeeded=1
SourceFile=C:\Users\Public\Documents\Stardock\WindowBlinds\WINDOWS 98 CLASSIC\TempPngs\taskbar_but_progress_win7.tga.tga.tga.PNG
ext=PNG
Name=taskbar_but_progress_win7.tga.tga
LastEdit1=30811943
LastEdit2=209222125
[windows 98 classic\frame_bottom.tga.tga.tga]
ReimportWhenNeeded=1
SourceFile=C:\Users\Public\Documents\Stardock\WindowBlinds\Windows 98 Classic\TempPngs\frame_bottom.tga.tga.tga.PNG
ext=PNG
Name=frame_bottom.tga.tga
LastEdit1=30811968
LastEdit2=1618881497
[windows 98 classic\frame_right.tga.tga.tga]
ReimportWhenNeeded=1
SourceFile=C:\Users\Public\Documents\Stardock\WindowBlinds\Windows 98 Classic\TempPngs\frame_right.tga.tga.tga.PNG
ext=PNG
Name=frame_right.tga.tga
LastEdit1=30811968
LastEdit2=2001345376
[Windows 98 Classic\uis2rightframe.bmp]
ReimportWhenNeeded=1
SourceFile=C:\Users\Isam\Desktop\New folder\uis2rightframe.bmp
Name=uis2rightframe
ext=BMP
LastEdit1=30811968
LastEdit2=3218172806
[windows 98 classic\but_rest_pp.tga.tga]
ReimportWhenNeeded=1
SourceFile=C:\Users\Public\Documents\Stardock\WindowBlinds\Windows 98 Classic\TempPngs\but_rest_pp.tga.tga.PNG
ext=PNG
Name=but_rest_pp.tga
LastEdit1=30811971
LastEdit2=180540369
[Windows 98 Classic\Win98Rest.bmp]
ReimportWhenNeeded=1
SourceFile=C:\Users\Isam\Desktop\New folder\Win98Rest.bmp
Name=Win98Rest
ext=BMP
LastEdit1=30811971
LastEdit2=1078549745
[windows 98 classic\dragarrows.tga.tga]
ReimportWhenNeeded=1
SourceFile=C:\Users\Public\Documents\Stardock\WindowBlinds\Windows 98 Classic\TempPngs\dragarrows.tga.tga.PNG
ext=PNG
Name=dragarrows.tga
LastEdit1=30812117
LastEdit2=1252312748
[windows 98 classic\tabs_left.tga.tga.tga]
ReimportWhenNeeded=1
SourceFile=C:\Users\Public\Documents\Stardock\WindowBlinds\WINDOWS 98 CLASSIC\TempPngs\tabs_left.tga.tga.tga.PNG
ext=PNG
Name=tabs_left.tga.tga
LastEdit1=30812284
LastEdit2=2260798753
[windows 98 classic\rec_buttons.tga]
ReimportWhenNeeded=1
SourceFile=C:\Users\Public\Documents\Stardock\WindowBlinds\Windows 98 Classic\TempPngs\rec_buttons.tga.PNG
ext=PNG
Name=rec_buttons
LastEdit1=30812306
LastEdit2=1224687323
[windows 98 classic\rec_buttons (2).tga]
ReimportWhenNeeded=1
SourceFile=C:\Users\Public\Documents\Stardock\WindowBlinds\Windows 98 Classic\TempPngs\rec_buttons (2).tga.PNG
ext=PNG
Name=rec_buttons (2)
LastEdit1=30812309
LastEdit2=1933023798
[windows 98 classic\rec_tab_pane.tga]
ReimportWhenNeeded=1
SourceFile=C:\Users\Public\Documents\Stardock\WindowBlinds\Windows 98 Classic\TempPngs\rec_tab_pane.tga.PNG
ext=PNG
Name=rec_tab_pane
LastEdit1=30812310
LastEdit2=1623294015
[windows 98 classic\rec_tab_page.tga]
ReimportWhenNeeded=1
SourceFile=C:\Users\Public\Documents\Stardock\WindowBlinds\Windows 98 Classic\TempPngs\rec_tab_page.tga.PNG
ext=PNG
Name=rec_tab_page
LastEdit1=30812310
LastEdit2=2012761248
[windows 98 classic\rec_tabs.tga]
ReimportWhenNeeded=1
SourceFile=C:\Users\Public\Documents\Stardock\WindowBlinds\Windows 98 Classic\TempPngs\rec_tabs.tga.PNG
ext=PNG
Name=rec_tabs
LastEdit1=30812311
LastEdit2=455011466
[windows 98 classic\rec_tabs_left.tga]
ReimportWhenNeeded=1
SourceFile=C:\Users\Public\Documents\Stardock\WindowBlinds\Windows 98 Classic\TempPngs\rec_tabs_left.tga.PNG
ext=PNG
Name=rec_tabs_left
LastEdit1=30812311
LastEdit2=1513879184
[windows 98 classic\tabs_right.tga.tga.tga.tga]
ReimportWhenNeeded=1
SourceFile=C:\Users\Public\Documents\Stardock\WindowBlinds\Windows 98 Classic\TempPngs\tabs_right.tga.tga.tga.tga.PNG
ext=PNG
Name=tabs_right.tga.tga.tga
LastEdit1=30812312
LastEdit2=841262684
[windows 98 classic\rec_tabs_right.tga]
ReimportWhenNeeded=1
SourceFile=C:\Users\Public\Documents\Stardock\WindowBlinds\Windows 98 Classic\TempPngs\rec_tabs_right.tga.PNG
ext=PNG
Name=rec_tabs_right
LastEdit1=30812312
LastEdit2=2069701287
[windows 98 classic\rec_tabs_left.tga.tga]
ReimportWhenNeeded=1
SourceFile=C:\Users\Public\Documents\Stardock\WindowBlinds\Windows 98 Classic\TempPngs\rec_tabs_left.tga.tga.PNG
ext=PNG
Name=rec_tabs_left.tga
LastEdit1=30812312
LastEdit2=2675165694
[windows 98 classic\rec_tabs.tga.tga]
ReimportWhenNeeded=1
SourceFile=C:\Users\Public\Documents\Stardock\WindowBlinds\Windows 98 Classic\TempPngs\rec_tabs.tga.tga.PNG
ext=PNG
Name=rec_tabs.tga
LastEdit1=30812312
LastEdit2=2865689265
[windows 98 classic\rec_tab_pane.tga.tga]
ReimportWhenNeeded=1
SourceFile=C:\Users\Public\Documents\Stardock\WindowBlinds\Windows 98 Classic\TempPngs\rec_tab_pane.tga.tga.PNG
ext=PNG
Name=rec_tab_pane.tga
LastEdit1=30812312
LastEdit2=3091302089
[windows 98 classic\rec_buttons (2).tga.tga]
ReimportWhenNeeded=1
SourceFile=C:\Users\Public\Documents\Stardock\WindowBlinds\Windows 98 Classic\TempPngs\rec_buttons (2).tga.tga.PNG
ext=PNG
Name=rec_buttons (2).tga
LastEdit1=30812313
LastEdit2=3854438460
[windows 98 classic\rec_radiobox.tga]
ReimportWhenNeeded=1
SourceFile=C:\Users\Public\Documents\Stardock\WindowBlinds\Windows 98 Classic\TempPngs\rec_radiobox.tga.PNG
ext=PNG
Name=rec_radiobox
LastEdit1=30812314
LastEdit2=1530022369
[windows 98 classic\rec_checkbox.tga]
ReimportWhenNeeded=1
SourceFile=C:\Users\Public\Documents\Stardock\WindowBlinds\Windows 98 Classic\TempPngs\rec_checkbox.tga.PNG
ext=PNG
Name=rec_checkbox
LastEdit1=30812314
LastEdit2=2790316594
[windows 98 classic\rec_group_box.tga]
ReimportWhenNeeded=1
SourceFile=C:\Users\Public\Documents\Stardock\WindowBlinds\Windows 98 Classic\TempPngs\rec_group_box.tga.PNG
ext=PNG
Name=rec_group_box
LastEdit1=30812314
LastEdit2=4142682852
[windows 98 classic\recsunk_edge.tga]
ReimportWhenNeeded=1
SourceFile=C:\Users\Public\Documents\Stardock\WindowBlinds\Windows 98 Classic\TempPngs\recsunk_edge.tga.PNG
ext=PNG
Name=recsunk_edge
LastEdit1=30812315
LastEdit2=1694400328
[windows 98 classic\rec_combo_box_but.tga]
ReimportWhenNeeded=1
SourceFile=C:\Users\Public\Documents\Stardock\WindowBlinds\Windows 98 Classic\TempPngs\rec_combo_box_but.tga.PNG
ext=PNG
Name=rec_combo_box_but
LastEdit1=30812315
LastEdit2=2754935550
[windows 98 classic\rec_sunk_edge.tga.tga]
ReimportWhenNeeded=1
SourceFile=C:\Users\Public\Documents\Stardock\WindowBlinds\Windows 98 Classic\TempPngs\rec_sunk_edge.tga.tga.PNG
ext=PNG
Name=rec_sunk_edge.tga
LastEdit1=30812526
LastEdit2=769449142
[windows 98 classic\rec_readonlycombobox.tga]
ReimportWhenNeeded=1
SourceFile=C:\Users\Public\Documents\Stardock\WindowBlinds\Windows 98 Classic\TempPngs\rec_readonlycombobox.tga.PNG
ext=PNG
Name=rec_readonlycombobox
LastEdit1=30812526
LastEdit2=2319715503
[windows 98 classic\rec_combo_box_but.tga.tga]
ReimportWhenNeeded=1
SourceFile=C:\Users\Public\Documents\Stardock\WindowBlinds\Windows 98 Classic\TempPngs\rec_combo_box_but.tga.tga.PNG
ext=PNG
Name=rec_combo_box_but.tga
LastEdit1=30812526
LastEdit2=3420206349
[windows 98 classic\start_but_win7.tga]
ReimportWhenNeeded=1
SourceFile=C:\Users\Public\Documents\Stardock\WindowBlinds\Windows 98 Classic\TempPngs\start_but_win7.tga.PNG
ext=PNG
Name=start_but_win7
LastEdit1=30812535
LastEdit2=359361400
[windows 98 classic\start_but_win7.tga.tga.tga.tga]
ReimportWhenNeeded=1
SourceFile=C:\Users\Public\Documents\Stardock\WindowBlinds\Windows 98 Classic\TempPngs\start_but_win7.tga.tga.tga.tga.PNG
ext=PNG
Name=start_but_win7.tga.tga.tga
LastEdit1=30812534
LastEdit2=1911229025
[windows 98 classic\start_but_win7.tga.tga.tga.tga.tga]
ReimportWhenNeeded=1
SourceFile=C:\Users\Public\Documents\Stardock\WindowBlinds\Windows 98 Classic\TempPngs\start_but_win7.tga.tga.tga.tga.tga.PNG
ext=PNG
Name=start_but_win7.tga.tga.tga.tga
LastEdit1=30812534
LastEdit2=2304694653
[windows 98 classic\start_but_win7.tga.tga]
ReimportWhenNeeded=1
SourceFile=C:\Users\Public\Documents\Stardock\WindowBlinds\Windows 98 Classic\TempPngs\start_but_win7.tga.tga.PNG
ext=PNG
Name=start_but_win7.tga
LastEdit1=30812535
LastEdit2=1194812110
[windows 98 classic\taskbar_vert_win7.tga]
ReimportWhenNeeded=1
SourceFile=C:\Users\Public\Documents\Stardock\WindowBlinds\Windows 98 Classic\TempPngs\taskbar_vert_win7.tga.PNG
ext=PNG
Name=taskbar_vert_win7
LastEdit1=30812536
LastEdit2=1562481829
[windows 98 classic\taskbar_win7.tga.tga]
ReimportWhenNeeded=1
SourceFile=C:\Users\Public\Documents\Stardock\WindowBlinds\Windows 98 Classic\TempPngs\taskbar_win7.tga.tga.PNG
ext=PNG
Name=taskbar_win7.tga
LastEdit1=30812535
LastEdit2=4290513596
[windows 98 classic\taskbar_gripper_v.tga]
ReimportWhenNeeded=1
SourceFile=C:\Users\Public\Documents\Stardock\WindowBlinds\Windows 98 Classic\TempPngs\taskbar_gripper_v.tga.PNG
ext=PNG
Name=taskbar_gripper_v
LastEdit1=30812537
LastEdit2=398456959
[windows 98 classic\rec_buttons (2).tga.tga.tga]
ReimportWhenNeeded=1
SourceFile=C:\Users\Public\Documents\Stardock\WindowBlinds\Windows 98 Classic\TempPngs\rec_buttons (2).tga.tga.tga.PNG
ext=PNG
Name=rec_buttons (2).tga.tga
LastEdit1=30812566
LastEdit2=242961550
[windows 98 classic\rec_buttons (2).tga.tga.tga.tga]
ReimportWhenNeeded=1
SourceFile=C:\Users\Public\Documents\Stardock\WindowBlinds\Windows 98 Classic\TempPngs\rec_buttons (2).tga.tga.tga.tga.PNG
ext=PNG
Name=rec_buttons (2).tga.tga.tga
LastEdit1=30812566
LastEdit2=2410255141
[windows 98 classic\rec_buttons (2).tga.tga.tga.tga.tga]
ReimportWhenNeeded=1
SourceFile=C:\Users\Public\Documents\Stardock\WindowBlinds\Windows 98 Classic\TempPngs\rec_buttons (2).tga.tga.tga.tga.tga.PNG
ext=PNG
Name=rec_buttons (2).tga.tga.tga.tga
LastEdit1=30812566
LastEdit2=4023385511
[windows 98 classic\rec_buttons (2).tga.tga.tga.tga.tga.tga]
ReimportWhenNeeded=1
SourceFile=C:\Users\Public\Documents\Stardock\WindowBlinds\Windows 98 Classic\TempPngs\rec_buttons (2).tga.tga.tga.tga.tga.tga.PNG
ext=PNG
Name=rec_buttons (2).tga.tga.tga.tga.tga
LastEdit1=30812567
LastEdit2=2493773270
